
   INFO  Server running on [http://0.0.0.0:8000].  

  Press Ctrl+C to stop the server

  2026-06-05 23:07:45 .............................................. ~ 0.22ms
  2026-06-05 23:07:45 / .......................................... ~ 500.42ms
  2026-06-05 23:07:45 ............................................ ~ 501.53ms

   INFO  Environment modified. Restarting server...  

   INFO  Server running on [http://0.0.0.0:8000].  

  Press Ctrl+C to stop the server

  2026-06-05 23:13:16 / ............................................ ~ 0.13ms

   INFO  Environment modified. Restarting server...  

   INFO  Server running on [http://0.0.0.0:8000].  

  Press Ctrl+C to stop the server


   INFO  Environment modified. Restarting server...  

   INFO  Server running on [http://0.0.0.0:8000].  

  Press Ctrl+C to stop the server

  2026-06-05 23:14:44 / .......................................... ~ 500.74ms
  2026-06-05 23:14:45 /images/logo.png ............................. ~ 0.08ms
  2026-06-05 23:14:45 /favicon.ico ................................. ~ 0.03ms
  2026-06-05 23:15:03 /login ....................................... ~ 0.25ms
  2026-06-05 23:15:03 /products .................................... ~ 0.06ms
  2026-06-05 23:15:03 /images/PMEZMH.jpg ........................... ~ 0.13ms
  2026-06-05 23:15:03 /images/logo.png ............................. ~ 0.06ms
  2026-06-05 23:15:03 /images/BPV4MM.jpg ........................... ~ 0.06ms
  2026-06-05 23:15:03 /images/JVL42J.jpg ........................... ~ 0.56ms
  2026-06-05 23:15:03 /images/F895RB.jpg ........................... ~ 0.09ms
  2026-06-05 23:15:03 /images/picture.png .......................... ~ 0.05ms
  2026-06-05 23:15:03 /images/3L7RCZ.jpg ........................... ~ 0.09ms
  2026-06-05 23:15:03 /images/S72AM3.jpg ........................... ~ 0.05ms
  2026-06-05 23:15:03 /images/2G3280.jpg ........................... ~ 0.05ms
  2026-06-05 23:15:03 /images/MIO8YV.jpg ........................... ~ 0.05ms
  2026-06-05 23:15:03 /images/UER2QD.jpg ........................... ~ 0.09ms
  2026-06-05 23:15:20 /products/create ........................... ~ 500.76ms
  2026-06-05 23:15:20 /images/logo.png ............................. ~ 0.08ms
  2026-06-05 23:15:20 /images/picture.png .......................... ~ 0.04ms
